2026/01/14 19:57:37 Downloading https://releases.bazel.build/8.5.1/release/bazel-8.5.1-linux-x86_64...
rosetta error: failed to open elf at /lib64/ld-linux-x86-64.so.2
 